✔ real Renderer and strict public RPC opt into recovery, resolve one live Task and stop another without a terminal resume button (354.0675ms)
✔ a public lifecycle plugin exception after a recovered response pauses the Task without erasing its output or usage (136.5812ms)
✔ ambiguous late ancestry spanning two real native Tasks cannot run a child outside the recovery guard (163.2623ms)
✔ native errors retain their message while new recovery snapshot and disk DTOs only retain allowlisted facts (75.4226ms)
✔ real native retry before-router cannot expand the Task recovery cap (103.1788ms)
✔ real native retry after-router cannot expand the Task recovery cap (108.5397ms)
✔ real native retry outer-ignore-decision cannot expand the Task recovery cap (94.5642ms)
✔ an owned recovery budget wait rechecks live disabled before any new adapter entry (66.6272ms)
✔ an owned recovery budget wait rechecks live fixed before any new adapter entry (74.0697ms)
✔ an owned recovery budget wait rechecks live policy before any new adapter entry (78.2733ms)
✔ an owned recovery budget wait rechecks live human before any new adapter entry (71.7227ms)
✔ an owned recovery budget wait rechecks live pending before any new adapter entry (79.8929ms)
✔ an owned recovery budget wait rechecks live stopped before any new adapter entry (67.8142ms)
✔ the raw native final request gate rechecks permission after its independent awaited observation (79.2374ms)
✔ the actual prepared recovery handle is an independent hard gate and retains the source error (60.5271ms)
✔ restart preserves the actual persisted live recovery allowance but creates no timer, Call or old-Task resume (92.8549ms)
✔ execution, consultation and takeover share one recovery allowance instead of resetting it per phase (370.337ms)
✔ a real native title is accounted alongside all recovery Calls without changing its purpose or execution owner (101.1547ms)
✔ known consultation failure cannot bypass earlier unknown Task usage through manual recovery (113.5665ms)
✔ known network failure recovers in the same Native Task and step with distinct accounted Calls (80.9959ms)
✔ recovery with an unknown configured money budget stops before another model entry (68.065ms)
✔ a takeover response with known usage and no partial content can recover without repeating the notice (260.9735ms)
✔ consultation recovery keeps one intent and one advice while every attempt uses the same Task ledger (153.9345ms)
✔ a live manual recovery has one CAS winner and a terminal Task cannot be revived (82.7648ms)
✔ an explicitly enabled same-account alternative receives complete native history after bounded current-model recovery (149.4428ms)
✔ a completed tool with unproved operation semantics prevents ordinary recovery before a new model entry (75.9472ms)
✔ ordinary recovery cannot repeat a completed side effect using a new native tool call id (116.1793ms)
✔ authorization, quota, partial and unknown failures retain their facts and cannot become difficulty or success (259.2769ms)
✔ disabling routing during rate-limit backoff stops the owned Task rather than delegating native retry (60.1618ms)
✔ credible rate-limit retry-after above the wait allowance pauses without sending early (54.4766ms)
✔ Task recovery cap defeats a later outer always retry listener without a fourth dispatch (109.3655ms)
✔ actual controlled OAuth refresh rejection records authorization recovery and cannot revive the ended Task (191.5829ms)
✔ a full native recovery refuses unsafe alternative billing without a target model entry (181.1194ms)
✔ a full native recovery refuses unsafe alternative unknown-account without a target model entry (120.3368ms)
✔ a full native recovery refuses unsafe alternative protocol without a target model entry (117.1511ms)
✔ a full native recovery refuses unsafe alternative capacity without a target model entry (118.1447ms)
✔ a full native recovery refuses unsafe alternative fixed without a target model entry (133.53ms)
✔ ordinary recovery retains the exact image attachment and proves declared image pricing (166.4508ms)
✔ ordinary recovery retains the exact image attachment and refuses unknown image pricing (88.5684ms)
✔ two explicit manual retry-current actions cannot silently dispatch the configured alternative (151.2332ms)
✔ a real recovery state write failure stops dispatch and releases reservations while retaining known usage (50.3959ms)
ℹ tests 41
ℹ suites 0
ℹ pass 41
ℹ fail 0
ℹ cancelled 0
ℹ skipped 0
ℹ todo 0
ℹ duration_ms 7993.5668
